// Jest Snapshot v1, https://goo.gl/fbAQLP

exports[`Button Component should match snapshott 1`] = `
<View
  accessibilityRole="button"
  accessibilityState={
    {
      "busy": undefined,
      "checked": undefined,
      "disabled": undefined,
      "expanded": undefined,
      "selected": undefined,
    }
  }
  accessibilityValue={
    {
      "max": undefined,
      "min": undefined,
      "now": undefined,
      "text": undefined,
    }
  }
  accessible={true}
  collapsable={false}
  focusable={true}
  onClick={[Function]}
  onResponderGrant={[Function]}
  onResponderMove={[Function]}
  onResponderRelease={[Function]}
  onResponderTerminate={[Function]}
  onResponderTerminationRequest={[Function]}
  onStartShouldSetResponder={[Function]}
  style={
    {
      "alignItems": "center",
      "backgroundColor": "#2c46b1",
      "borderBottomLeftRadius": 8,
      "borderBottomRightRadius": 8,
      "borderTopLeftRadius": 8,
      "borderTopRightRadius": 8,
      "display": "flex",
      "height": 48,
      "justifyContent": "center",
      "opacity": 1,
      "paddingBottom": 0,
      "paddingLeft": 20,
      "paddingRight": 20,
      "paddingTop": 0,
      "width": "100%",
    }
  }
>
  <Text
    style={
      {
        "color": "#ffffff",
        "fontSize": 16,
        "fontWeight": "600",
      }
    }
  >
    Snapshot
  </Text>
</View>
`;
