// Jest Snapshot v1, https://goo.gl/fbAQLP

exports[`Item Component should matches snapshot 1`] = `
<View
  style={
    {
      "alignItems": "center",
      "borderBottomColor": "#e4e6ec",
      "borderBottomWidth": 1,
      "display": "flex",
      "flexDirection": "row",
      "justifyContent": "space-between",
      "width": "100%",
    }
  }
>
  <View
    style={{}}
  >
    <View
      accessibilityState={
        {
          "busy": undefined,
          "checked": undefined,
          "disabled": undefined,
          "expanded": undefined,
          "selected": undefined,
        }
      }
      accessibilityValue={
        {
          "max": undefined,
          "min": undefined,
          "now": undefined,
          "text": undefined,
        }
      }
      accessible={true}
      collapsable={false}
      focusable={false}
      onClick={[Function]}
      onResponderGrant={[Function]}
      onResponderMove={[Function]}
      onResponderRelease={[Function]}
      onResponderTerminate={[Function]}
      onResponderTerminationRequest={[Function]}
      onStartShouldSetResponder={[Function]}
      style={
        {
          "alignItems": "center",
          "display": "flex",
          "flexDirection": "row",
          "gap": 5,
          "justifyContent": "center",
          "marginBottom": 16,
          "marginLeft": 0,
          "marginRight": 0,
          "marginTop": 16,
          "opacity": 1,
        }
      }
      testID="button-purchased"
    >
      <Image
        source="pendente-icon"
        style={
          {
            "height": 18,
            "width": 18,
          }
        }
      />
      <Text
        isPurchased="PENDING"
        style={
          {
            "fontSize": 14,
            "fontWeight": "500",
            "textDecorationLine": "none",
          }
        }
      >
        Snapshot test
      </Text>
    </View>
  </View>
  <View
    accessibilityState={
      {
        "busy": undefined,
        "checked": undefined,
        "disabled": undefined,
        "expanded": undefined,
        "selected": undefined,
      }
    }
    accessibilityValue={
      {
        "max": undefined,
        "min": undefined,
        "now": undefined,
        "text": undefined,
      }
    }
    accessible={true}
    collapsable={false}
    focusable={false}
    onClick={[Function]}
    onResponderGrant={[Function]}
    onResponderMove={[Function]}
    onResponderRelease={[Function]}
    onResponderTerminate={[Function]}
    onResponderTerminationRequest={[Function]}
    onStartShouldSetResponder={[Function]}
    style={
      {
        "marginBottom": 16,
        "marginLeft": 0,
        "marginRight": 0,
        "marginTop": 16,
        "opacity": 1,
      }
    }
    testID="button-delete"
  >
    <Image
      source="delete-icon"
      style={
        {
          "height": 18,
          "width": 18,
        }
      }
    />
  </View>
</View>
`;
